
ROM used:   4706/16384 (29%)
            6256/16384 (38%) including unused fragments

            0.7 Average locations per line
            5.0 Average locations per statement

RAM used:   282/2048 (14%) at main() level
            348/2048 (17%) worst case

Stack used: 2 worst case (1 in main + 1 for interrupts)
Stack size: 16

Lines Stmts  %   Files
----- ----- ---  -----
  877   332  35  main.c
 1385     0   0  ..\..\..\..\..\Program Files (x86)\PICC\devices\16F18326.h
 1352   359  38  ..\..\..\..\..\Program Files (x86)\PICC\drivers\stdlib.h
   32     0   0  ..\..\..\..\..\Program Files (x86)\PICC\drivers\stddef.h
  435     0   0  ..\..\..\..\..\Program Files (x86)\PICC\drivers\string.h
   28     0   0  ..\..\..\..\..\Program Files (x86)\PICC\drivers\ctype.h
   37     0   0  ..\..\..\..\..\Program Files (x86)\PICC\drivers\stdio.h
 2227   258  27  ..\..\..\..\..\Program Files (x86)\PICC\drivers\math.h
   32     0   0  MAPA_DATA_EEPROM.h
  438     0   0  pic_orp_atlas_emu.h
----- -----
 6843   949 Total

Page ROM  %  RAM    Vol Diff  Functions:
---- --- --- ---    --- ----  ----------
 Inline         7             @READ_PROGRAM_MEMORY8
0     65   1    5    243  7.0  strcmp
0     28   1    5    140  5.0  strlen
0    156   3   17             @MULFF
0     31   1    2             @ITOF
0    327   7   16             @ADDFF
0    204   4   16             @DIVFF
 Inline        20   1549 12.4  strtof
1     22   0    1             @delay_ms1
 Inline         1             @I2C_WRITE_1
0     21   0    1             @I2C_WRITEU_2
0     16   0    1             @I2C_READU_2
0     90   2    4    681  6.2  SSP_isr_slave
1    357   8    7    965  5.6  MAIN
 Inline         3    914  5.8  config_PIC
0     23   0    0    461  1.9  disable_Modulos_PIC
0    166   4    0    108  1.7  renable_Modulos_PIC
0    409   9   15   2402 12.1  parsing_in_buffer
0     49   1    6    182  5.7  identifica_comando
2   1685  36    1    451  4.2  monta_out_buffer
2     19   0    0             @goto13118
 Inline         6   1017  8.9  isStr_float
0    271   6    8     59  2.3  get_orp_value_mV
 Inline        13    329  5.4  ANORP_R
0     13   0    1             @SPRINTF
 Inline         5             @FTOSD
1     79   2   14             @DIV3232
1    255   5   18             @PRINTF_L32D_1336FPFPF
 Inline         1    455  5.7  ANORP_FIND
 Inline         1    643  7.9  ANORP_L
1     23   0    3             @DIV88
1    107   2    8             @PRINTF_D_1336
 Inline         0     82  2.4  ANORP_i
0      6   0    0             @const1353
0     88   2    6             @PSTRINGCN7_1336
 Inline         7    408  5.8  ANORP_STATUS
0      8   0    0             @const1357
 Inline         1    287  4.6  ANORP_SLEEP
 Inline        19   1627  7.4  ANORP_CAL
0      4   0    0             @const1360
 Inline         1    659  5.7  ANORP_FACTORY
0      7   0    0             @const1362
 Inline         4             @PSTRINGC7_1336
 Inline         2    191  3.6  adc_init
 Inline         7   1700  7.6  read_adc_mcp3421
 Inline        16    282  3.3  read_adc_volts_mcp3421
 Inline         5             @SDTOF
 Inline         0             @cinit1

Program metrics:
    Functions               24
    Statements              949
    Comments                1672
    Volume (V)              26567
    Difficulty (D)          138.0
    Effort to implement (E) 3666859
    Time to implement (T)   56 hours, 35 minutes
    Est Delivered Bugs (B)  8
    Cyclomatic Complexity   90
    Maintainability (MI)    92

 Segment     Used  Free
-----------  ----  ----
00000-00002     3  0  
00003-00003     0  1  
00004-00040    61  0  
00041-007FF  1982  1  
00800-00FFF   843  1205  
01000-017FF  1704  344  
01800-01FFF     0  2048  
02000-027FF     0  2048  
02800-02FFF     0  2048  
03000-037FF     0  2048  
03800-03F8E     0  1935  
03F8F-03FFF   113  0  



